-- Test Optimizer Row Hints Feature
--
-- Purpose: Test that row hints may be used to edit cardinality estimates
LOAD 'pg_hint_plan';
DROP SCHEMA IF EXISTS rowhints CASCADE;
CREATE SCHEMA rowhints;
SET search_path=rowhints;
SET optimizer_trace_fallback=on;
-- Setup tables
CREATE TABLE my_table(a int, b int);
HINT:  The 'DISTRIBUTED BY' clause determines the distribution of data. Make sure column(s) chosen are the optimal data distribution key to minimize skew.
CREATE INDEX my_awesome_index ON my_table(a);
CREATE TABLE your_table(a int, b int) WITH (appendonly=true);
HINT:  The 'DISTRIBUTED BY' clause determines the distribution of data. Make sure column(s) chosen are the optimal data distribution key to minimize skew.
CREATE INDEX your_awesome_index ON your_table(a);
CREATE TABLE our_table(a int, b int) PARTITION BY RANGE (a) (PARTITION p1 START(0) END(100) INCLUSIVE EVERY(20));
HINT:  The 'DISTRIBUTED BY' clause determines the distribution of data. Make sure column(s) chosen are the optimal data distribution key to minimize skew.
CREATE INDEX our_awesome_index ON our_table(a);
INSERT INTO my_table SELECT i, i FROM generate_series(1, 100)i;
INSERT INTO your_table SELECT i, i FROM generate_series(1, 100)i;
INSERT INTO our_table SELECT i, i FROM generate_series(1, 100)i;
ANALYZE my_table, your_table, our_table;
--------------------------------------------------------------------
-- Test the different row hint types:
--
--     - Absolute
--     - Add
--     - Subtract
--     - Multiply
--------------------------------------------------------------------
-- Baseline no hints
EXPLAIN SELECT t1.a, t2.a FROM my_table AS t1, your_table AS t2, our_table AS t3;
                                                QUERY PLAN                                                 
-----------------------------------------------------------------------------------------------------------
 Gather Motion 3:1  (slice1; segments: 3)  (cost=0.00..1356765552.28 rows=1000000 width=8)
   ->  Nested Loop  (cost=0.00..1356765522.47 rows=333334 width=8)
         Join Filter: true
         ->  Broadcast Motion 3:3  (slice3; segments: 3)  (cost=0.00..431.01 rows=100 width=4)
               ->  Seq Scan on your_table t2  (cost=0.00..431.00 rows=34 width=4)
         ->  Nested Loop  (cost=0.00..1324091.78 rows=3334 width=4)
               Join Filter: true
               ->  Seq Scan on my_table t1  (cost=0.00..431.00 rows=34 width=4)
               ->  Materialize  (cost=0.00..431.00 rows=100 width=1)
                     ->  Broadcast Motion 3:3  (slice2; segments: 3)  (cost=0.00..431.00 rows=100 width=1)
                           ->  Dynamic Seq Scan on our_table t3  (cost=0.00..431.00 rows=34 width=1)
                                 Number of partitions to scan: 6 (out of 6)
 Optimizer: GPORCA
(13 rows)

\o results/pg_hint_plan.tmpout
/*+
    Rows(t1 t2 t3 #123)
 */
EXPLAIN SELECT t1.a, t2.a FROM my_table AS t1, your_table AS t2, our_table AS t3;
\o
\! sql/maskout.sh results/pg_hint_plan.tmpout
  QUERY PLAN
----------------
 Gather Motion 3:1  (slice1; segments: 3)  (cost=xxx..xxx rows=123 width=xxx)
   ->  Nested Loop  (cost=xxx..xxx rows=41 width=xxx)
         Join Filter: true
         ->  Broadcast Motion 3:3  (slice3; segments: 3)  (cost=xxx..xxx rows=100 width=xxx)
               ->  Seq Scan on your_table t2  (cost=xxx..xxx rows=34 width=xxx)
         ->  Nested Loop  (cost=xxx..xxx rows=3334 width=xxx)
               Join Filter: true
               ->  Seq Scan on my_table t1  (cost=xxx..xxx rows=34 width=xxx)
               ->  Materialize  (cost=xxx..xxx rows=100 width=xxx)
                     ->  Broadcast Motion 3:3  (slice2; segments: 3)  (cost=xxx..xxx rows=100 width=xxx)
                           ->  Dynamic Seq Scan on our_table t3  (cost=xxx..xxx rows=34 width=xxx)
                                 Number of partitions to scan: 6 (out of 6)
 Optimizer: GPORCA

\o results/pg_hint_plan.tmpout
/*+
    Rows(t1 t2 t3 +123)
 */
EXPLAIN SELECT t1.a, t2.a FROM my_table AS t1, your_table AS t2, our_table AS t3;
\o
\! sql/maskout.sh results/pg_hint_plan.tmpout
  QUERY PLAN
----------------
 Gather Motion 3:1  (slice1; segments: 3)  (cost=xxx..xxx rows=1000123 width=xxx)
   ->  Nested Loop  (cost=xxx..xxx rows=333375 width=xxx)
         Join Filter: true
         ->  Broadcast Motion 3:3  (slice3; segments: 3)  (cost=xxx..xxx rows=100 width=xxx)
               ->  Seq Scan on your_table t2  (cost=xxx..xxx rows=34 width=xxx)
         ->  Nested Loop  (cost=xxx..xxx rows=3334 width=xxx)
               Join Filter: true
               ->  Seq Scan on my_table t1  (cost=xxx..xxx rows=34 width=xxx)
               ->  Materialize  (cost=xxx..xxx rows=100 width=xxx)
                     ->  Broadcast Motion 3:3  (slice2; segments: 3)  (cost=xxx..xxx rows=100 width=xxx)
                           ->  Dynamic Seq Scan on our_table t3  (cost=xxx..xxx rows=34 width=xxx)
                                 Number of partitions to scan: 6 (out of 6)
 Optimizer: GPORCA

\o results/pg_hint_plan.tmpout
/*+
    Rows(t1 t2 t3 -123)
 */
EXPLAIN SELECT t1.a, t2.a FROM my_table AS t1, your_table AS t2, our_table AS t3;
\o
\! sql/maskout.sh results/pg_hint_plan.tmpout
  QUERY PLAN
----------------
 Gather Motion 3:1  (slice1; segments: 3)  (cost=xxx..xxx rows=999877 width=xxx)
   ->  Nested Loop  (cost=xxx..xxx rows=333293 width=xxx)
         Join Filter: true
         ->  Broadcast Motion 3:3  (slice3; segments: 3)  (cost=xxx..xxx rows=100 width=xxx)
               ->  Seq Scan on your_table t2  (cost=xxx..xxx rows=34 width=xxx)
         ->  Nested Loop  (cost=xxx..xxx rows=3334 width=xxx)
               Join Filter: true
               ->  Seq Scan on my_table t1  (cost=xxx..xxx rows=34 width=xxx)
               ->  Materialize  (cost=xxx..xxx rows=100 width=xxx)
                     ->  Broadcast Motion 3:3  (slice2; segments: 3)  (cost=xxx..xxx rows=100 width=xxx)
                           ->  Dynamic Seq Scan on our_table t3  (cost=xxx..xxx rows=34 width=xxx)
                                 Number of partitions to scan: 6 (out of 6)
 Optimizer: GPORCA

\o results/pg_hint_plan.tmpout
/*+
    Rows(t1 t2 t3 *123)
 */
EXPLAIN SELECT t1.a, t2.a FROM my_table AS t1, your_table AS t2, our_table AS t3;
\o
\! sql/maskout.sh results/pg_hint_plan.tmpout
  QUERY PLAN
----------------
 Gather Motion 3:1  (slice1; segments: 3)  (cost=xxx..xxx rows=123000000 width=xxx)
   ->  Nested Loop  (cost=xxx..xxx rows=41000000 width=xxx)
         Join Filter: true
         ->  Nested Loop  (cost=xxx..xxx rows=3334 width=xxx)
               Join Filter: true
               ->  Broadcast Motion 3:3  (slice3; segments: 3)  (cost=xxx..xxx rows=100 width=xxx)
                     ->  Seq Scan on my_table t1  (cost=xxx..xxx rows=34 width=xxx)
               ->  Seq Scan on your_table t2  (cost=xxx..xxx rows=34 width=xxx)
         ->  Materialize  (cost=xxx..xxx rows=100 width=xxx)
               ->  Broadcast Motion 3:3  (slice2; segments: 3)  (cost=xxx..xxx rows=100 width=xxx)
                     ->  Dynamic Seq Scan on our_table t3  (cost=xxx..xxx rows=34 width=xxx)
                           Number of partitions to scan: 6 (out of 6)
 Optimizer: GPORCA

--------------------------------------------------------------------
--
-- Subqueries
--
--------------------------------------------------------------------
\o results/pg_hint_plan.tmpout
/*+
    Rows(my_table your_table #123)
 */
EXPLAIN SELECT * FROM my_table, (SELECT * FROM your_table) AS q;
\o
\! sql/maskout.sh results/pg_hint_plan.tmpout
  QUERY PLAN
----------------
 Gather Motion 3:1  (slice1; segments: 3)  (cost=xxx..xxx rows=123 width=xxx)
   ->  Nested Loop  (cost=xxx..xxx rows=41 width=xxx)
         Join Filter: true
         ->  Broadcast Motion 3:3  (slice2; segments: 3)  (cost=xxx..xxx rows=100 width=xxx)
               ->  Seq Scan on my_table  (cost=xxx..xxx rows=34 width=xxx)
         ->  Seq Scan on your_table  (cost=xxx..xxx rows=34 width=xxx)
 Optimizer: GPORCA

--------------------------------------------------------------------
--
-- CTE
--
--------------------------------------------------------------------
\o results/pg_hint_plan.tmpout
/*+
    Rows(my_table your_table #123)
 */
EXPLAIN WITH cte AS (SELECT * FROM my_table, (SELECT * FROM your_table) as q) SELECT * FROM cte;
\o
\! sql/maskout.sh results/pg_hint_plan.tmpout
  QUERY PLAN
----------------
 Gather Motion 3:1  (slice1; segments: 3)  (cost=xxx..xxx rows=123 width=xxx)
   ->  Nested Loop  (cost=xxx..xxx rows=41 width=xxx)
         Join Filter: true
         ->  Broadcast Motion 3:3  (slice2; segments: 3)  (cost=xxx..xxx rows=100 width=xxx)
               ->  Seq Scan on my_table  (cost=xxx..xxx rows=34 width=xxx)
         ->  Seq Scan on your_table  (cost=xxx..xxx rows=34 width=xxx)
 Optimizer: GPORCA

--------------------------------------------------------------------
-- Test updating lower join row hint
--------------------------------------------------------------------
-- force join order to isolate lower join row hint
set optimizer_join_order=query;
\o results/pg_hint_plan.tmpout
/*+
    Rows(t1 t2 #123)
 */
EXPLAIN SELECT t1.a, t2.a FROM my_table AS t1, your_table AS t2, our_table AS t3;
\o
\! sql/maskout.sh results/pg_hint_plan.tmpout
  QUERY PLAN
----------------
 Gather Motion 3:1  (slice1; segments: 3)  (cost=xxx..xxx rows=12300 width=xxx)
   ->  Nested Loop  (cost=xxx..xxx rows=4100 width=xxx)
         Join Filter: true
         ->  Nested Loop  (cost=xxx..xxx rows=41 width=xxx)
               Join Filter: true
               ->  Broadcast Motion 3:3  (slice3; segments: 3)  (cost=xxx..xxx rows=100 width=xxx)
                     ->  Seq Scan on my_table t1  (cost=xxx..xxx rows=34 width=xxx)
               ->  Seq Scan on your_table t2  (cost=xxx..xxx rows=34 width=xxx)
         ->  Materialize  (cost=xxx..xxx rows=100 width=xxx)
               ->  Broadcast Motion 3:3  (slice2; segments: 3)  (cost=xxx..xxx rows=100 width=xxx)
                     ->  Dynamic Seq Scan on our_table t3  (cost=xxx..xxx rows=34 width=xxx)
                           Number of partitions to scan: 6 (out of 6)
 Optimizer: GPORCA

\o results/pg_hint_plan.tmpout
/*+
    Rows(t1 t2 *123)
 */
EXPLAIN SELECT t1.a, t2.a FROM my_table AS t1, your_table AS t2, our_table AS t3;
\o
\! sql/maskout.sh results/pg_hint_plan.tmpout
  QUERY PLAN
----------------
 Gather Motion 3:1  (slice1; segments: 3)  (cost=xxx..xxx rows=123000000 width=xxx)
   ->  Nested Loop  (cost=xxx..xxx rows=41000000 width=xxx)
         Join Filter: true
         ->  Nested Loop  (cost=xxx..xxx rows=410000 width=xxx)
               Join Filter: true
               ->  Broadcast Motion 3:3  (slice3; segments: 3)  (cost=xxx..xxx rows=100 width=xxx)
                     ->  Seq Scan on my_table t1  (cost=xxx..xxx rows=34 width=xxx)
               ->  Seq Scan on your_table t2  (cost=xxx..xxx rows=34 width=xxx)
         ->  Materialize  (cost=xxx..xxx rows=100 width=xxx)
               ->  Broadcast Motion 3:3  (slice2; segments: 3)  (cost=xxx..xxx rows=100 width=xxx)
                     ->  Dynamic Seq Scan on our_table t3  (cost=xxx..xxx rows=34 width=xxx)
                           Number of partitions to scan: 6 (out of 6)
 Optimizer: GPORCA

